// Jest Snapshot v1, https://goo.gl/fbAQLP

exports[`UI Components RoundButton should render as expected, without crashing (2) 1`] = `
.c0 {
  display: -webkit-box;
  display: -webkit-flex;
  display: -ms-flexbox;
  display: flex;
  -webkit-align-items: center;
  -webkit-box-align: center;
  -ms-flex-align: center;
  align-items: center;
  height: 36px;
  border-radius: 999px;
  border: none;
  background: none;
  cursor: pointer;
  font-size: 14px;
  padding: 0 8px;
  position: relative;
  opacity: 1;
}

.c0 span.children {
  margin: 0 4px;
}

.c0:hover span.children {
  -webkit-text-decoration: underline;
  text-decoration: underline;
}

.c0:focus {
  outline: none;
  box-shadow: 0 0 0 4px;
}

.c0:disabled {
  cursor: not-allowed;
}

.c0 .content {
  visibility: visible;
  display: -webkit-box;
  display: -webkit-flex;
  display: -ms-flexbox;
  display: flex;
  -webkit-align-items: center;
  -webkit-box-align: center;
  -ms-flex-align: center;
  align-items: center;
}

.c0 .spinner {
  position: absolute;
  top: 50%;
  left: 50%;
  -webkit-transform: translate(-50%,-50%);
  -ms-transform: translate(-50%,-50%);
  transform: translate(-50%,-50%);
  height: 18px;
}

<button
  className="c0"
  disabled={false}
>
  <div
    className="content"
  />
</button>
`;
